// Jest Snapshot v1, https://goo.gl/fbAQLP

exports[`LayoutHeader tests suite matches snapshot 1`] = `
<div
  class="LayoutHeader"
  id="header"
>
  <breadcrumbs-stub />
   
  <loginindicator-stub />
</div>
`;
